// Jest Snapshot v1, https://goo.gl/fbAQLP

exports[`AppTitle should render 1`] = `
.c0 {
  margin-bottom: 3.125rem;
}

@media only screen and (min-width:576px) {
  .c0 {
    font-size: 2.5rem;
  }
}

<styled.h1>
  <h1
    className="c0"
  >
    PX2EM Converter
  </h1>
</styled.h1>
`;
