// Jest Snapshot v1, https://goo.gl/fbAQLP

exports[`Label should render 1`] = `
.c0 {
  font-size: 1.125em;
  line-height: 1.5em;
  margin: 0 0 0.5em 0;
  cursor: pointer;
  display: inline-block;
  font-weight: 600;
}

<styled.label>
  <label
    className="c0"
  >
    Input label
  </label>
</styled.label>
`;
